[2026-06-20 15:33:50] INFO Model run start language=java smell=FeatureEnvy model=ast_gat dev=False
[2026-06-20 15:33:50] INFO Start train/eval/test.
[2026-06-20 15:33:59] INFO Dataset sizes train=7000 val=1500 test=1500
[2026-06-20 15:35:22] INFO epoch=1 train_loss=0.1970 val_loss=0.2046 val_mcc=0.3447 val_f1=0.4757 threshold=0.62
[2026-06-20 15:35:22] INFO Saved best checkpoint epoch=1 path=/home/opesai/Downloads/CodeSmells/checkpoints/java/FeatureEnvy/ast_gat_best.pt
[2026-06-20 15:36:44] INFO epoch=2 train_loss=0.1613 val_loss=0.1870 val_mcc=0.3658 val_f1=0.4795 threshold=0.59
[2026-06-20 15:36:44] INFO Saved best checkpoint epoch=2 path=/home/opesai/Downloads/CodeSmells/checkpoints/java/FeatureEnvy/ast_gat_best.pt
[2026-06-20 15:38:07] INFO epoch=3 train_loss=0.1522 val_loss=0.1609 val_mcc=0.3736 val_f1=0.4963 threshold=0.59
[2026-06-20 15:38:07] INFO Saved best checkpoint epoch=3 path=/home/opesai/Downloads/CodeSmells/checkpoints/java/FeatureEnvy/ast_gat_best.pt
[2026-06-20 15:39:29] INFO epoch=4 train_loss=0.1505 val_loss=0.1795 val_mcc=0.3793 val_f1=0.5019 threshold=0.64
[2026-06-20 15:39:29] INFO Saved best checkpoint epoch=4 path=/home/opesai/Downloads/CodeSmells/checkpoints/java/FeatureEnvy/ast_gat_best.pt
[2026-06-20 15:40:53] INFO epoch=5 train_loss=0.1491 val_loss=0.1642 val_mcc=0.3770 val_f1=0.4925 threshold=0.58
[2026-06-20 15:42:15] INFO epoch=6 train_loss=0.1448 val_loss=0.1678 val_mcc=0.3844 val_f1=0.4978 threshold=0.61
[2026-06-20 15:42:15] INFO Saved best checkpoint epoch=6 path=/home/opesai/Downloads/CodeSmells/checkpoints/java/FeatureEnvy/ast_gat_best.pt
[2026-06-20 15:43:38] INFO epoch=7 train_loss=0.1450 val_loss=0.1646 val_mcc=0.3871 val_f1=0.4991 threshold=0.60
[2026-06-20 15:43:38] INFO Saved best checkpoint epoch=7 path=/home/opesai/Downloads/CodeSmells/checkpoints/java/FeatureEnvy/ast_gat_best.pt
[2026-06-20 15:45:01] INFO epoch=8 train_loss=0.1435 val_loss=0.1750 val_mcc=0.3791 val_f1=0.4921 threshold=0.61
[2026-06-20 15:46:24] INFO epoch=9 train_loss=0.1424 val_loss=0.1717 val_mcc=0.3813 val_f1=0.4956 threshold=0.61
[2026-06-20 15:47:48] INFO epoch=10 train_loss=0.1393 val_loss=0.1662 val_mcc=0.3819 val_f1=0.4960 threshold=0.61
[2026-06-20 15:49:10] INFO epoch=11 train_loss=0.1437 val_loss=0.1488 val_mcc=0.3823 val_f1=0.4986 threshold=0.58
[2026-06-20 15:50:33] INFO epoch=12 train_loss=0.1404 val_loss=0.1691 val_mcc=0.3857 val_f1=0.5160 threshold=0.65
[2026-06-20 15:50:33] INFO Early stopping at epoch 12. Best epoch: 7
[2026-06-20 15:50:41] INFO test_loss=0.1595 threshold=0.60 test_metrics={'accuracy': 0.636, 'precision': 0.3446969696969697, 'recall': 0.91, 'f1': 0.5, 'mcc': 0.3826003884833249, 'pr_auc': 0.44786123310719006, 'roc_auc': 0.8135000000000001}
[2026-06-20 15:50:41] INFO Result appended to: /home/opesai/Downloads/CodeSmells/results/results.csv
[2026-06-20 15:50:41] INFO Model run finished successfully.
