[2026-06-20 04:57:27] INFO Model run start language=java smell=ComplexConditional model=ast_gat dev=False
[2026-06-20 04:57:27] INFO Start train/eval/test.
[2026-06-20 04:57:35] INFO Dataset sizes train=7000 val=1500 test=1500
[2026-06-20 04:58:41] INFO epoch=1 train_loss=0.1645 val_loss=0.1144 val_mcc=0.6844 val_f1=0.7492 threshold=0.68
[2026-06-20 04:58:41] INFO Saved best checkpoint epoch=1 path=/home/opesai/Downloads/CodeSmells/checkpoints/java/ComplexConditional/ast_gat_best.pt
[2026-06-20 04:59:48] INFO epoch=2 train_loss=0.0839 val_loss=0.0977 val_mcc=0.7340 val_f1=0.7887 threshold=0.73
[2026-06-20 04:59:48] INFO Saved best checkpoint epoch=2 path=/home/opesai/Downloads/CodeSmells/checkpoints/java/ComplexConditional/ast_gat_best.pt
[2026-06-20 05:00:54] INFO epoch=3 train_loss=0.0705 val_loss=0.0734 val_mcc=0.7485 val_f1=0.8000 threshold=0.68
[2026-06-20 05:00:54] INFO Saved best checkpoint epoch=3 path=/home/opesai/Downloads/CodeSmells/checkpoints/java/ComplexConditional/ast_gat_best.pt
[2026-06-20 05:02:01] INFO epoch=4 train_loss=0.0699 val_loss=0.0822 val_mcc=0.7589 val_f1=0.8083 threshold=0.73
[2026-06-20 05:02:01] INFO Saved best checkpoint epoch=4 path=/home/opesai/Downloads/CodeSmells/checkpoints/java/ComplexConditional/ast_gat_best.pt
[2026-06-20 05:03:06] INFO epoch=5 train_loss=0.0679 val_loss=0.0690 val_mcc=0.7632 val_f1=0.8116 threshold=0.69
[2026-06-20 05:03:07] INFO Saved best checkpoint epoch=5 path=/home/opesai/Downloads/CodeSmells/checkpoints/java/ComplexConditional/ast_gat_best.pt
[2026-06-20 05:04:13] INFO epoch=6 train_loss=0.0642 val_loss=0.0680 val_mcc=0.7631 val_f1=0.8110 threshold=0.66
[2026-06-20 05:05:19] INFO epoch=7 train_loss=0.0599 val_loss=0.0697 val_mcc=0.7703 val_f1=0.8164 threshold=0.67
[2026-06-20 05:05:19] INFO Saved best checkpoint epoch=7 path=/home/opesai/Downloads/CodeSmells/checkpoints/java/ComplexConditional/ast_gat_best.pt
[2026-06-20 05:06:25] INFO epoch=8 train_loss=0.0603 val_loss=0.0689 val_mcc=0.7771 val_f1=0.8226 threshold=0.72
[2026-06-20 05:06:25] INFO Saved best checkpoint epoch=8 path=/home/opesai/Downloads/CodeSmells/checkpoints/java/ComplexConditional/ast_gat_best.pt
[2026-06-20 05:07:32] INFO epoch=9 train_loss=0.0609 val_loss=0.0793 val_mcc=0.7874 val_f1=0.8300 threshold=0.72
[2026-06-20 05:07:32] INFO Saved best checkpoint epoch=9 path=/home/opesai/Downloads/CodeSmells/checkpoints/java/ComplexConditional/ast_gat_best.pt
[2026-06-20 05:08:39] INFO epoch=10 train_loss=0.0584 val_loss=0.0639 val_mcc=0.7947 val_f1=0.8348 threshold=0.65
[2026-06-20 05:08:39] INFO Saved best checkpoint epoch=10 path=/home/opesai/Downloads/CodeSmells/checkpoints/java/ComplexConditional/ast_gat_best.pt
[2026-06-20 05:09:45] INFO epoch=11 train_loss=0.0573 val_loss=0.0617 val_mcc=0.8013 val_f1=0.8418 threshold=0.68
[2026-06-20 05:09:45] INFO Saved best checkpoint epoch=11 path=/home/opesai/Downloads/CodeSmells/checkpoints/java/ComplexConditional/ast_gat_best.pt
[2026-06-20 05:10:52] INFO epoch=12 train_loss=0.0546 val_loss=0.0613 val_mcc=0.8117 val_f1=0.8485 threshold=0.65
[2026-06-20 05:10:52] INFO Saved best checkpoint epoch=12 path=/home/opesai/Downloads/CodeSmells/checkpoints/java/ComplexConditional/ast_gat_best.pt
[2026-06-20 05:11:59] INFO epoch=13 train_loss=0.0541 val_loss=0.0557 val_mcc=0.8157 val_f1=0.8523 threshold=0.64
[2026-06-20 05:11:59] INFO Saved best checkpoint epoch=13 path=/home/opesai/Downloads/CodeSmells/checkpoints/java/ComplexConditional/ast_gat_best.pt
[2026-06-20 05:13:06] INFO epoch=14 train_loss=0.0540 val_loss=0.0691 val_mcc=0.8268 val_f1=0.8611 threshold=0.71
[2026-06-20 05:13:06] INFO Saved best checkpoint epoch=14 path=/home/opesai/Downloads/CodeSmells/checkpoints/java/ComplexConditional/ast_gat_best.pt
[2026-06-20 05:14:13] INFO epoch=15 train_loss=0.0516 val_loss=0.0560 val_mcc=0.8350 val_f1=0.8678 threshold=0.66
[2026-06-20 05:14:13] INFO Saved best checkpoint epoch=15 path=/home/opesai/Downloads/CodeSmells/checkpoints/java/ComplexConditional/ast_gat_best.pt
[2026-06-20 05:15:20] INFO epoch=16 train_loss=0.0515 val_loss=0.0554 val_mcc=0.8366 val_f1=0.8692 threshold=0.66
[2026-06-20 05:15:20] INFO Saved best checkpoint epoch=16 path=/home/opesai/Downloads/CodeSmells/checkpoints/java/ComplexConditional/ast_gat_best.pt
[2026-06-20 05:16:27] INFO epoch=17 train_loss=0.0483 val_loss=0.0670 val_mcc=0.8406 val_f1=0.8723 threshold=0.72
[2026-06-20 05:16:27] INFO Saved best checkpoint epoch=17 path=/home/opesai/Downloads/CodeSmells/checkpoints/java/ComplexConditional/ast_gat_best.pt
[2026-06-20 05:17:33] INFO epoch=18 train_loss=0.0484 val_loss=0.0512 val_mcc=0.8446 val_f1=0.8754 threshold=0.64
[2026-06-20 05:17:33] INFO Saved best checkpoint epoch=18 path=/home/opesai/Downloads/CodeSmells/checkpoints/java/ComplexConditional/ast_gat_best.pt
[2026-06-20 05:18:39] INFO epoch=19 train_loss=0.0442 val_loss=0.0501 val_mcc=0.8465 val_f1=0.8765 threshold=0.62
[2026-06-20 05:18:39] INFO Saved best checkpoint epoch=19 path=/home/opesai/Downloads/CodeSmells/checkpoints/java/ComplexConditional/ast_gat_best.pt
[2026-06-20 05:19:46] INFO epoch=20 train_loss=0.0504 val_loss=0.0580 val_mcc=0.8516 val_f1=0.8817 threshold=0.72
[2026-06-20 05:19:46] INFO Saved best checkpoint epoch=20 path=/home/opesai/Downloads/CodeSmells/checkpoints/java/ComplexConditional/ast_gat_best.pt
[2026-06-20 05:20:52] INFO epoch=21 train_loss=0.0419 val_loss=0.0480 val_mcc=0.8508 val_f1=0.8808 threshold=0.67
[2026-06-20 05:21:58] INFO epoch=22 train_loss=0.0450 val_loss=0.0524 val_mcc=0.8516 val_f1=0.8817 threshold=0.70
[2026-06-20 05:23:05] INFO epoch=23 train_loss=0.0450 val_loss=0.0501 val_mcc=0.8583 val_f1=0.8867 threshold=0.71
[2026-06-20 05:23:05] INFO Saved best checkpoint epoch=23 path=/home/opesai/Downloads/CodeSmells/checkpoints/java/ComplexConditional/ast_gat_best.pt
[2026-06-20 05:24:11] INFO epoch=24 train_loss=0.0467 val_loss=0.0482 val_mcc=0.8564 val_f1=0.8852 threshold=0.69
[2026-06-20 05:25:18] INFO epoch=25 train_loss=0.0460 val_loss=0.0513 val_mcc=0.8606 val_f1=0.8885 threshold=0.72
[2026-06-20 05:25:18] INFO Saved best checkpoint epoch=25 path=/home/opesai/Downloads/CodeSmells/checkpoints/java/ComplexConditional/ast_gat_best.pt
[2026-06-20 05:26:24] INFO epoch=26 train_loss=0.0437 val_loss=0.0745 val_mcc=0.8599 val_f1=0.8878 threshold=0.81
[2026-06-20 05:27:31] INFO epoch=27 train_loss=0.0467 val_loss=0.0517 val_mcc=0.8634 val_f1=0.8911 threshold=0.71
[2026-06-20 05:27:31] INFO Saved best checkpoint epoch=27 path=/home/opesai/Downloads/CodeSmells/checkpoints/java/ComplexConditional/ast_gat_best.pt
[2026-06-20 05:28:37] INFO epoch=28 train_loss=0.0442 val_loss=0.0532 val_mcc=0.8675 val_f1=0.8943 threshold=0.72
[2026-06-20 05:28:37] INFO Saved best checkpoint epoch=28 path=/home/opesai/Downloads/CodeSmells/checkpoints/java/ComplexConditional/ast_gat_best.pt
[2026-06-20 05:29:44] INFO epoch=29 train_loss=0.0434 val_loss=0.0553 val_mcc=0.8648 val_f1=0.8921 threshold=0.73
[2026-06-20 05:30:50] INFO epoch=30 train_loss=0.0420 val_loss=0.0477 val_mcc=0.8679 val_f1=0.8947 threshold=0.67
[2026-06-20 05:30:50] INFO Saved best checkpoint epoch=30 path=/home/opesai/Downloads/CodeSmells/checkpoints/java/ComplexConditional/ast_gat_best.pt
[2026-06-20 05:30:54] INFO test_loss=0.0492 threshold=0.67 test_metrics={'accuracy': 0.9513333333333334, 'precision': 0.8535825545171339, 'recall': 0.9133333333333333, 'f1': 0.8824476650563607, 'mcc': 0.8525818318449089, 'pr_auc': 0.9171289646438228, 'roc_auc': 0.9818527777777777}
[2026-06-20 05:30:54] INFO Result appended to: /home/opesai/Downloads/CodeSmells/results/results.csv
[2026-06-20 05:30:55] INFO Model run finished successfully.
