[2026-06-20 22:20:19] INFO Model run start language=java smell=MultifacetedAbstraction model=ast_gat dev=False
[2026-06-20 22:20:19] INFO Start train/eval/test.
[2026-06-20 22:20:24] INFO Dataset sizes train=2964 val=635 test=636
[2026-06-20 22:20:55] INFO epoch=1 train_loss=0.2163 val_loss=0.2327 val_mcc=0.1403 val_f1=0.3617 threshold=0.63
[2026-06-20 22:20:55] INFO Saved best checkpoint epoch=1 path=/home/opesai/Downloads/CodeSmells/checkpoints/java/MultifacetedAbstraction/ast_gat_best.pt
[2026-06-20 22:21:24] INFO epoch=2 train_loss=0.1973 val_loss=0.2272 val_mcc=0.3988 val_f1=0.5143 threshold=0.64
[2026-06-20 22:21:24] INFO Saved best checkpoint epoch=2 path=/home/opesai/Downloads/CodeSmells/checkpoints/java/MultifacetedAbstraction/ast_gat_best.pt
[2026-06-20 22:21:53] INFO epoch=3 train_loss=0.1925 val_loss=0.2022 val_mcc=0.5041 val_f1=0.6104 threshold=0.62
[2026-06-20 22:21:53] INFO Saved best checkpoint epoch=3 path=/home/opesai/Downloads/CodeSmells/checkpoints/java/MultifacetedAbstraction/ast_gat_best.pt
[2026-06-20 22:22:23] INFO epoch=4 train_loss=0.1787 val_loss=0.1695 val_mcc=0.5579 val_f1=0.6512 threshold=0.60
[2026-06-20 22:22:23] INFO Saved best checkpoint epoch=4 path=/home/opesai/Downloads/CodeSmells/checkpoints/java/MultifacetedAbstraction/ast_gat_best.pt
[2026-06-20 22:22:52] INFO epoch=5 train_loss=0.1591 val_loss=0.1495 val_mcc=0.5895 val_f1=0.6759 threshold=0.61
[2026-06-20 22:22:52] INFO Saved best checkpoint epoch=5 path=/home/opesai/Downloads/CodeSmells/checkpoints/java/MultifacetedAbstraction/ast_gat_best.pt
[2026-06-20 22:23:22] INFO epoch=6 train_loss=0.1420 val_loss=0.1557 val_mcc=0.6316 val_f1=0.7020 threshold=0.68
[2026-06-20 22:23:22] INFO Saved best checkpoint epoch=6 path=/home/opesai/Downloads/CodeSmells/checkpoints/java/MultifacetedAbstraction/ast_gat_best.pt
[2026-06-20 22:23:51] INFO epoch=7 train_loss=0.1449 val_loss=0.1454 val_mcc=0.6496 val_f1=0.7194 threshold=0.68
[2026-06-20 22:23:51] INFO Saved best checkpoint epoch=7 path=/home/opesai/Downloads/CodeSmells/checkpoints/java/MultifacetedAbstraction/ast_gat_best.pt
[2026-06-20 22:24:21] INFO epoch=8 train_loss=0.1371 val_loss=0.1333 val_mcc=0.6555 val_f1=0.7229 threshold=0.68
[2026-06-20 22:24:21] INFO Saved best checkpoint epoch=8 path=/home/opesai/Downloads/CodeSmells/checkpoints/java/MultifacetedAbstraction/ast_gat_best.pt
[2026-06-20 22:24:51] INFO epoch=9 train_loss=0.1362 val_loss=0.1314 val_mcc=0.6593 val_f1=0.7298 threshold=0.65
[2026-06-20 22:24:51] INFO Saved best checkpoint epoch=9 path=/home/opesai/Downloads/CodeSmells/checkpoints/java/MultifacetedAbstraction/ast_gat_best.pt
[2026-06-20 22:25:20] INFO epoch=10 train_loss=0.1242 val_loss=0.1362 val_mcc=0.6676 val_f1=0.7241 threshold=0.73
[2026-06-20 22:25:20] INFO Saved best checkpoint epoch=10 path=/home/opesai/Downloads/CodeSmells/checkpoints/java/MultifacetedAbstraction/ast_gat_best.pt
[2026-06-20 22:25:50] INFO epoch=11 train_loss=0.1313 val_loss=0.1247 val_mcc=0.6777 val_f1=0.7445 threshold=0.67
[2026-06-20 22:25:50] INFO Saved best checkpoint epoch=11 path=/home/opesai/Downloads/CodeSmells/checkpoints/java/MultifacetedAbstraction/ast_gat_best.pt
[2026-06-20 22:26:20] INFO epoch=12 train_loss=0.1284 val_loss=0.1165 val_mcc=0.6791 val_f1=0.7455 threshold=0.66
[2026-06-20 22:26:20] INFO Saved best checkpoint epoch=12 path=/home/opesai/Downloads/CodeSmells/checkpoints/java/MultifacetedAbstraction/ast_gat_best.pt
[2026-06-20 22:26:49] INFO epoch=13 train_loss=0.1249 val_loss=0.1192 val_mcc=0.6905 val_f1=0.7546 threshold=0.68
[2026-06-20 22:26:49] INFO Saved best checkpoint epoch=13 path=/home/opesai/Downloads/CodeSmells/checkpoints/java/MultifacetedAbstraction/ast_gat_best.pt
[2026-06-20 22:27:19] INFO epoch=14 train_loss=0.1173 val_loss=0.1206 val_mcc=0.6905 val_f1=0.7546 threshold=0.69
[2026-06-20 22:27:49] INFO epoch=15 train_loss=0.1161 val_loss=0.1072 val_mcc=0.7008 val_f1=0.7612 threshold=0.64
[2026-06-20 22:27:49] INFO Saved best checkpoint epoch=15 path=/home/opesai/Downloads/CodeSmells/checkpoints/java/MultifacetedAbstraction/ast_gat_best.pt
[2026-06-20 22:28:18] INFO epoch=16 train_loss=0.1147 val_loss=0.1188 val_mcc=0.7056 val_f1=0.7635 threshold=0.66
[2026-06-20 22:28:18] INFO Saved best checkpoint epoch=16 path=/home/opesai/Downloads/CodeSmells/checkpoints/java/MultifacetedAbstraction/ast_gat_best.pt
[2026-06-20 22:28:48] INFO epoch=17 train_loss=0.1108 val_loss=0.1241 val_mcc=0.7156 val_f1=0.7724 threshold=0.69
[2026-06-20 22:28:48] INFO Saved best checkpoint epoch=17 path=/home/opesai/Downloads/CodeSmells/checkpoints/java/MultifacetedAbstraction/ast_gat_best.pt
[2026-06-20 22:29:18] INFO epoch=18 train_loss=0.1123 val_loss=0.1023 val_mcc=0.7189 val_f1=0.7751 threshold=0.65
[2026-06-20 22:29:18] INFO Saved best checkpoint epoch=18 path=/home/opesai/Downloads/CodeSmells/checkpoints/java/MultifacetedAbstraction/ast_gat_best.pt
[2026-06-20 22:29:47] INFO epoch=19 train_loss=0.1097 val_loss=0.1064 val_mcc=0.7197 val_f1=0.7762 threshold=0.68
[2026-06-20 22:29:47] INFO Saved best checkpoint epoch=19 path=/home/opesai/Downloads/CodeSmells/checkpoints/java/MultifacetedAbstraction/ast_gat_best.pt
[2026-06-20 22:30:17] INFO epoch=20 train_loss=0.1108 val_loss=0.1010 val_mcc=0.7255 val_f1=0.7805 threshold=0.67
[2026-06-20 22:30:17] INFO Saved best checkpoint epoch=20 path=/home/opesai/Downloads/CodeSmells/checkpoints/java/MultifacetedAbstraction/ast_gat_best.pt
[2026-06-20 22:30:47] INFO epoch=21 train_loss=0.1073 val_loss=0.0981 val_mcc=0.7355 val_f1=0.7887 threshold=0.67
[2026-06-20 22:30:47] INFO Saved best checkpoint epoch=21 path=/home/opesai/Downloads/CodeSmells/checkpoints/java/MultifacetedAbstraction/ast_gat_best.pt
[2026-06-20 22:31:16] INFO epoch=22 train_loss=0.1017 val_loss=0.0860 val_mcc=0.7322 val_f1=0.7860 threshold=0.63
[2026-06-20 22:31:46] INFO epoch=23 train_loss=0.1029 val_loss=0.1051 val_mcc=0.7298 val_f1=0.7845 threshold=0.70
[2026-06-20 22:32:15] INFO epoch=24 train_loss=0.1009 val_loss=0.1077 val_mcc=0.7390 val_f1=0.7915 threshold=0.71
[2026-06-20 22:32:15] INFO Saved best checkpoint epoch=24 path=/home/opesai/Downloads/CodeSmells/checkpoints/java/MultifacetedAbstraction/ast_gat_best.pt
[2026-06-20 22:32:45] INFO epoch=25 train_loss=0.1014 val_loss=0.1145 val_mcc=0.7332 val_f1=0.7872 threshold=0.73
[2026-06-20 22:33:14] INFO epoch=26 train_loss=0.1022 val_loss=0.0949 val_mcc=0.7332 val_f1=0.7872 threshold=0.69
[2026-06-20 22:33:44] INFO epoch=27 train_loss=0.1066 val_loss=0.1035 val_mcc=0.7367 val_f1=0.7900 threshold=0.71
[2026-06-20 22:34:14] INFO epoch=28 train_loss=0.1039 val_loss=0.0926 val_mcc=0.7332 val_f1=0.7872 threshold=0.69
[2026-06-20 22:34:43] INFO epoch=29 train_loss=0.0957 val_loss=0.0899 val_mcc=0.7390 val_f1=0.7915 threshold=0.68
[2026-06-20 22:34:43] INFO Early stopping at epoch 29. Best epoch: 24
[2026-06-20 22:34:47] INFO test_loss=0.1134 threshold=0.71 test_metrics={'accuracy': 0.8836477987421384, 'precision': 0.6853146853146853, 'recall': 0.7716535433070866, 'f1': 0.725925925925926, 'mcc': 0.6542529224088972, 'pr_auc': 0.7219800158188904, 'roc_auc': 0.9299228068004269}
[2026-06-20 22:34:47] INFO Result appended to: /home/opesai/Downloads/CodeSmells/results/results.csv
[2026-06-20 22:34:47] INFO Model run finished successfully.
